// Jest Snapshot v1, https://goo.gl/fbAQLP

exports[`App Tests the rendering of components 1`] = `
<div
  className="app"
>
  <h1>
    Maths Magician Calculator
  </h1>
  <div
    className="display-panel"
  >
    <h2>
      0
            
            
    </h2>
  </div>
  <div
    className="panel"
  >
    <button
      className="panel-btn"
      onClick={[Function]}
      type="button"
    >
      AC
    </button>
    <button
      className="panel-btn"
      onClick={[Function]}
      type="button"
    >
      +/-
    </button>
    <button
      className="panel-btn"
      onClick={[Function]}
      type="button"
    >
      %
    </button>
    <button
      className="panel-btn"
      onClick={[Function]}
      type="button"
    >
      รท
    </button>
    <button
      className="panel-btn"
      onClick={[Function]}
      type="button"
    >
      7
    </button>
    <button
      className="panel-btn"
      onClick={[Function]}
      type="button"
    >
      8
    </button>
    <button
      className="panel-btn"
      onClick={[Function]}
      type="button"
    >
      9
    </button>
    <button
      className="panel-btn"
      onClick={[Function]}
      type="button"
    >
      x
    </button>
    <button
      className="panel-btn"
      onClick={[Function]}
      type="button"
    >
      4
    </button>
    <button
      className="panel-btn"
      onClick={[Function]}
      type="button"
    >
      5
    </button>
    <button
      className="panel-btn"
      onClick={[Function]}
      type="button"
    >
      6
    </button>
    <button
      className="panel-btn"
      onClick={[Function]}
      type="button"
    >
      -
    </button>
    <button
      className="panel-btn"
      onClick={[Function]}
      type="button"
    >
      1
    </button>
    <button
      className="panel-btn"
      onClick={[Function]}
      type="button"
    >
      2
    </button>
    <button
      className="panel-btn"
      onClick={[Function]}
      type="button"
    >
      3
    </button>
    <button
      className="panel-btn"
      onClick={[Function]}
      type="button"
    >
      +
    </button>
    <button
      className="panel-btn"
      onClick={[Function]}
      type="button"
    >
      0
    </button>
    <button
      className="panel-btn"
      onClick={[Function]}
      type="button"
    >
      .
    </button>
    <button
      className="panel-btn"
      onClick={[Function]}
      type="button"
    >
      =
    </button>
  </div>
</div>
`;
